57 unresolved instances to re-solve, 60s each, ub=63
  Infeasible  (2, 2, 2, 2) t=0 orbits=136  [37s]
  Infeasible  (2, 2, 1, 1, 1, 1) t=48 orbits=128  [62s]
  STILL OPEN [Time limit reached]  (2, 2, 1, 1, 1, 1) t=176 orbits=128  [122s]
  STILL OPEN [Time limit reached]  (2, 2, 1, 1, 1, 1) t=240 orbits=128  [182s]
  Infeasible  (2, 1, 1, 1, 1, 1, 1) t=56 orbits=128  [212s]
  Infeasible  (2, 1, 1, 1, 1, 1, 1) t=88 orbits=128  [241s]
  Infeasible  (2, 1, 1, 1, 1, 1, 1) t=108 orbits=128  [282s]
  STILL OPEN [Time limit reached]  (2, 1, 1, 1, 1, 1, 1) t=124 orbits=128  [342s]
  STILL OPEN [Time limit reached]  (2, 1, 1, 1, 1, 1, 1) t=156 orbits=128  [402s]
  Infeasible  (2, 1, 1, 1, 1, 1, 1) t=176 orbits=128  [450s]
  STILL OPEN [Time limit reached]  (2, 1, 1, 1, 1, 1, 1) t=196 orbits=128  [510s]
  STILL OPEN [Time limit reached]  (2, 1, 1, 1, 1, 1, 1) t=212 orbits=128  [570s]
  Infeasible  (2, 1, 1, 1, 1, 1, 1) t=228 orbits=128  [620s]
  STILL OPEN [Time limit reached]  (2, 1, 1, 1, 1, 1, 1) t=244 orbits=128  [680s]
  STILL OPEN [Time limit reached]  (1, 1, 1, 1, 1, 1, 1, 1) t=15 orbits=128  [740s]
  Infeasible  (1, 1, 1, 1, 1, 1, 1, 1) t=26 orbits=128  [769s]
  Infeasible  (1, 1, 1, 1, 1, 1, 1, 1) t=30 orbits=128  [797s]
  Infeasible  (1, 1, 1, 1, 1, 1, 1, 1) t=42 orbits=128  [826s]
  Infeasible  (1, 1, 1, 1, 1, 1, 1, 1) t=46 orbits=128  [854s]
  Infeasible  (1, 1, 1, 1, 1, 1, 1, 1) t=53 orbits=128  [867s]
  Infeasible  (1, 1, 1, 1, 1, 1, 1, 1) t=59 orbits=128  [909s]
  Infeasible  (1, 1, 1, 1, 1, 1, 1, 1) t=70 orbits=128  [933s]
  Infeasible  (1, 1, 1, 1, 1, 1, 1, 1) t=75 orbits=128  [970s]
  STILL OPEN [Time limit reached]  (1, 1, 1, 1, 1, 1, 1, 1) t=82 orbits=128  [1030s]
  Infeasible  (1, 1, 1, 1, 1, 1, 1, 1) t=86 orbits=128  [1056s]
  STILL OPEN [Time limit reached]  (1, 1, 1, 1, 1, 1, 1, 1) t=93 orbits=128  [1116s]
  Infeasible  (1, 1, 1, 1, 1, 1, 1, 1) t=99 orbits=128  [1142s]
  Infeasible  (1, 1, 1, 1, 1, 1, 1, 1) t=106 orbits=128  [1162s]
  Infeasible  (1, 1, 1, 1, 1, 1, 1, 1) t=110 orbits=128  [1185s]
  Infeasible  (1, 1, 1, 1, 1, 1, 1, 1) t=115 orbits=128  [1220s]
  Infeasible  (1, 1, 1, 1, 1, 1, 1, 1) t=119 orbits=128  [1264s]
  STILL OPEN [Time limit reached]  (1, 1, 1, 1, 1, 1, 1, 1) t=124 orbits=128  [1324s]
  Infeasible  (1, 1, 1, 1, 1, 1, 1, 1) t=134 orbits=128  [1349s]
  Infeasible  (1, 1, 1, 1, 1, 1, 1, 1) t=139 orbits=128  [1386s]
  STILL OPEN [Time limit reached]  (1, 1, 1, 1, 1, 1, 1, 1) t=146 orbits=128  [1446s]
  Infeasible  (1, 1, 1, 1, 1, 1, 1, 1) t=150 orbits=128  [1471s]
  STILL OPEN [Time limit reached]  (1, 1, 1, 1, 1, 1, 1, 1) t=157 orbits=128  [1531s]
  Infeasible  (1, 1, 1, 1, 1, 1, 1, 1) t=163 orbits=128  [1556s]
  Infeasible  (1, 1, 1, 1, 1, 1, 1, 1) t=170 orbits=128  [1577s]
  Infeasible  (1, 1, 1, 1, 1, 1, 1, 1) t=174 orbits=128  [1599s]
  Infeasible  (1, 1, 1, 1, 1, 1, 1, 1) t=179 orbits=128  [1634s]
  Infeasible  (1, 1, 1, 1, 1, 1, 1, 1) t=183 orbits=128  [1676s]
  STILL OPEN [Time limit reached]  (1, 1, 1, 1, 1, 1, 1, 1) t=188 orbits=128  [1736s]
  Infeasible  (1, 1, 1, 1, 1, 1, 1, 1) t=194 orbits=128  [1763s]
  Infeasible  (1, 1, 1, 1, 1, 1, 1, 1) t=201 orbits=128  [1806s]
  STILL OPEN [Time limit reached]  (1, 1, 1, 1, 1, 1, 1, 1) t=207 orbits=128  [1866s]
  Infeasible  (1, 1, 1, 1, 1, 1, 1, 1) t=211 orbits=128  [1899s]
  Infeasible  (1, 1, 1, 1, 1, 1, 1, 1) t=215 orbits=128  [1941s]
  STILL OPEN [Time limit reached]  (1, 1, 1, 1, 1, 1, 1, 1) t=220 orbits=128  [2001s]
  Infeasible  (1, 1, 1, 1, 1, 1, 1, 1) t=224 orbits=128  [2038s]
  Infeasible  (1, 1, 1, 1, 1, 1, 1, 1) t=228 orbits=128  [2071s]
  Infeasible  (1, 1, 1, 1, 1, 1, 1, 1) t=232 orbits=128  [2108s]
  Infeasible  (1, 1, 1, 1, 1, 1, 1, 1) t=236 orbits=128  [2164s]
  Infeasible  (1, 1, 1, 1, 1, 1, 1, 1) t=241 orbits=128  [2187s]
  STILL OPEN [Time limit reached]  (1, 1, 1, 1, 1, 1, 1, 1) t=245 orbits=128  [2247s]
  Infeasible  (1, 1, 1, 1, 1, 1, 1, 1) t=249 orbits=128  [2306s]
  STILL OPEN [Time limit reached]  (1, 1, 1, 1, 1, 1, 1, 1) t=253 orbits=128  [2366s]
resolved: 39  still open: 18
NOT EXHAUSTIVE
BEST 1000000000 None total 2366s
57 unresolved instances to re-solve, 60s each, ub=63
  Infeasible  (2, 2, 2, 1, 1) t=64 orbits=128  [59s]
  Infeasible  (2, 2, 1, 1, 1, 1) t=80 orbits=128  [85s]
  Infeasible  (2, 2, 1, 1, 1, 1) t=192 orbits=128  [110s]
  STILL OPEN [Time limit reached]  (2, 1, 1, 1, 1, 1, 1) t=28 orbits=128  [170s]
  STILL OPEN [Time limit reached]  (2, 1, 1, 1, 1, 1, 1) t=60 orbits=128  [230s]
  STILL OPEN [Time limit reached]  (2, 1, 1, 1, 1, 1, 1) t=92 orbits=128  [290s]
  Infeasible  (2, 1, 1, 1, 1, 1, 1) t=112 orbits=128  [338s]
  STILL OPEN [Time limit reached]  (2, 1, 1, 1, 1, 1, 1) t=140 orbits=128  [398s]
  STILL OPEN [Time limit reached]  (2, 1, 1, 1, 1, 1, 1) t=164 orbits=128  [458s]
  Infeasible  (2, 1, 1, 1, 1, 1, 1) t=180 orbits=128  [488s]
  Infeasible  (2, 1, 1, 1, 1, 1, 1) t=200 orbits=128  [509s]
  Infeasible  (2, 1, 1, 1, 1, 1, 1) t=216 orbits=128  [555s]
  Infeasible  (2, 1, 1, 1, 1, 1, 1) t=232 orbits=128  [613s]
  Infeasible  (2, 1, 1, 1, 1, 1, 1) t=248 orbits=128  [634s]
  Infeasible  (1, 1, 1, 1, 1, 1, 1, 1) t=22 orbits=128  [657s]
  Infeasible  (1, 1, 1, 1, 1, 1, 1, 1) t=27 orbits=128  [694s]
  Infeasible  (1, 1, 1, 1, 1, 1, 1, 1) t=38 orbits=128  [717s]
  Infeasible  (1, 1, 1, 1, 1, 1, 1, 1) t=43 orbits=128  [754s]
  STILL OPEN [Time limit reached]  (1, 1, 1, 1, 1, 1, 1, 1) t=50 orbits=128  [813s]
  Infeasible  (1, 1, 1, 1, 1, 1, 1, 1) t=54 orbits=128  [839s]
  STILL OPEN [Time limit reached]  (1, 1, 1, 1, 1, 1, 1, 1) t=61 orbits=128  [899s]
  STILL OPEN [Time limit reached]  (1, 1, 1, 1, 1, 1, 1, 1) t=71 orbits=128  [959s]
  Infeasible  (1, 1, 1, 1, 1, 1, 1, 1) t=76 orbits=128  [993s]
  Infeasible  (1, 1, 1, 1, 1, 1, 1, 1) t=83 orbits=128  [1030s]
  Infeasible  (1, 1, 1, 1, 1, 1, 1, 1) t=87 orbits=128  [1065s]
  Infeasible  (1, 1, 1, 1, 1, 1, 1, 1) t=94 orbits=128  [1088s]
  Infeasible  (1, 1, 1, 1, 1, 1, 1, 1) t=101 orbits=128  [1101s]
  Infeasible  (1, 1, 1, 1, 1, 1, 1, 1) t=107 orbits=128  [1143s]
  Infeasible  (1, 1, 1, 1, 1, 1, 1, 1) t=111 orbits=128  [1170s]
  Infeasible  (1, 1, 1, 1, 1, 1, 1, 1) t=116 orbits=128  [1194s]
  Infeasible  (1, 1, 1, 1, 1, 1, 1, 1) t=121 orbits=128  [1227s]
  Infeasible  (1, 1, 1, 1, 1, 1, 1, 1) t=125 orbits=128  [1266s]
  STILL OPEN [Time limit reached]  (1, 1, 1, 1, 1, 1, 1, 1) t=135 orbits=128  [1326s]
  Infeasible  (1, 1, 1, 1, 1, 1, 1, 1) t=140 orbits=128  [1362s]
  Infeasible  (1, 1, 1, 1, 1, 1, 1, 1) t=147 orbits=128  [1399s]
  Infeasible  (1, 1, 1, 1, 1, 1, 1, 1) t=151 orbits=128  [1434s]
  Infeasible  (1, 1, 1, 1, 1, 1, 1, 1) t=158 orbits=128  [1457s]
  Infeasible  (1, 1, 1, 1, 1, 1, 1, 1) t=165 orbits=128  [1471s]
  Infeasible  (1, 1, 1, 1, 1, 1, 1, 1) t=171 orbits=128  [1512s]
  Infeasible  (1, 1, 1, 1, 1, 1, 1, 1) t=175 orbits=128  [1540s]
  Infeasible  (1, 1, 1, 1, 1, 1, 1, 1) t=180 orbits=128  [1562s]
  Infeasible  (1, 1, 1, 1, 1, 1, 1, 1) t=185 orbits=128  [1595s]
  Infeasible  (1, 1, 1, 1, 1, 1, 1, 1) t=189 orbits=128  [1633s]
  Infeasible  (1, 1, 1, 1, 1, 1, 1, 1) t=196 orbits=128  [1662s]
  Infeasible  (1, 1, 1, 1, 1, 1, 1, 1) t=204 orbits=128  [1692s]
  Infeasible  (1, 1, 1, 1, 1, 1, 1, 1) t=208 orbits=128  [1718s]
  Infeasible  (1, 1, 1, 1, 1, 1, 1, 1) t=212 orbits=128  [1737s]
  STILL OPEN [Time limit reached]  (1, 1, 1, 1, 1, 1, 1, 1) t=217 orbits=128  [1797s]
  Infeasible  (1, 1, 1, 1, 1, 1, 1, 1) t=221 orbits=128  [1851s]
  Infeasible  (1, 1, 1, 1, 1, 1, 1, 1) t=225 orbits=128  [1885s]
  STILL OPEN [Time limit reached]  (1, 1, 1, 1, 1, 1, 1, 1) t=229 orbits=128  [1945s]
  STILL OPEN [Time limit reached]  (1, 1, 1, 1, 1, 1, 1, 1) t=233 orbits=128  [2005s]
  Infeasible  (1, 1, 1, 1, 1, 1, 1, 1) t=237 orbits=128  [2048s]
  Infeasible  (1, 1, 1, 1, 1, 1, 1, 1) t=242 orbits=128  [2083s]
  Infeasible  (1, 1, 1, 1, 1, 1, 1, 1) t=246 orbits=128  [2133s]
  Infeasible  (1, 1, 1, 1, 1, 1, 1, 1) t=250 orbits=128  [2183s]
  STILL OPEN [Time limit reached]  (1, 1, 1, 1, 1, 1, 1, 1) t=254 orbits=128  [2243s]
resolved: 44  still open: 13
NOT EXHAUSTIVE
BEST 1000000000 None total 2243s
57 unresolved instances to re-solve, 60s each, ub=63
  Infeasible  (2, 2, 2, 1, 1) t=128 orbits=128  [59s]
  STILL OPEN [Time limit reached]  (2, 2, 1, 1, 1, 1) t=112 orbits=128  [119s]
  STILL OPEN [Time limit reached]  (2, 2, 1, 1, 1, 1) t=208 orbits=128  [179s]
  STILL OPEN [Time limit reached]  (2, 1, 1, 1, 1, 1, 1) t=44 orbits=128  [239s]
  STILL OPEN [Time limit reached]  (2, 1, 1, 1, 1, 1, 1) t=76 orbits=128  [299s]
  STILL OPEN [Time limit reached]  (2, 1, 1, 1, 1, 1, 1) t=100 orbits=128  [359s]
  Infeasible  (2, 1, 1, 1, 1, 1, 1) t=116 orbits=128  [392s]
  STILL OPEN [Time limit reached]  (2, 1, 1, 1, 1, 1, 1) t=148 orbits=128  [452s]
  Infeasible  (2, 1, 1, 1, 1, 1, 1) t=168 orbits=128  [507s]
  Infeasible  (2, 1, 1, 1, 1, 1, 1) t=184 orbits=128  [561s]
  STILL OPEN [Time limit reached]  (2, 1, 1, 1, 1, 1, 1) t=204 orbits=128  [621s]
  STILL OPEN [Time limit reached]  (2, 1, 1, 1, 1, 1, 1) t=220 orbits=128  [681s]
  Infeasible  (2, 1, 1, 1, 1, 1, 1) t=236 orbits=128  [725s]
  STILL OPEN [Time limit reached]  (2, 1, 1, 1, 1, 1, 1) t=252 orbits=128  [785s]
  STILL OPEN [Time limit reached]  (1, 1, 1, 1, 1, 1, 1, 1) t=23 orbits=128  [845s]
  Infeasible  (1, 1, 1, 1, 1, 1, 1, 1) t=28 orbits=128  [879s]
  STILL OPEN [Time limit reached]  (1, 1, 1, 1, 1, 1, 1, 1) t=39 orbits=128  [939s]
  Infeasible  (1, 1, 1, 1, 1, 1, 1, 1) t=44 orbits=128  [974s]
  Infeasible  (1, 1, 1, 1, 1, 1, 1, 1) t=51 orbits=128  [1010s]
  Infeasible  (1, 1, 1, 1, 1, 1, 1, 1) t=55 orbits=128  [1046s]
  Infeasible  (1, 1, 1, 1, 1, 1, 1, 1) t=62 orbits=128  [1069s]
  Infeasible  (1, 1, 1, 1, 1, 1, 1, 1) t=73 orbits=128  [1091s]
  Infeasible  (1, 1, 1, 1, 1, 1, 1, 1) t=77 orbits=128  [1145s]
  Infeasible  (1, 1, 1, 1, 1, 1, 1, 1) t=84 orbits=128  [1178s]
  Infeasible  (1, 1, 1, 1, 1, 1, 1, 1) t=89 orbits=128  [1214s]
  Infeasible  (1, 1, 1, 1, 1, 1, 1, 1) t=95 orbits=128  [1267s]
  Infeasible  (1, 1, 1, 1, 1, 1, 1, 1) t=103 orbits=128  [1311s]
  Infeasible  (1, 1, 1, 1, 1, 1, 1, 1) t=108 orbits=128  [1351s]
  Infeasible  (1, 1, 1, 1, 1, 1, 1, 1) t=112 orbits=128  [1369s]
  STILL OPEN [Time limit reached]  (1, 1, 1, 1, 1, 1, 1, 1) t=117 orbits=128  [1429s]
  STILL OPEN [Time limit reached]  (1, 1, 1, 1, 1, 1, 1, 1) t=122 orbits=128  [1489s]
  STILL OPEN [Time limit reached]  (1, 1, 1, 1, 1, 1, 1, 1) t=126 orbits=128  [1549s]
  Infeasible  (1, 1, 1, 1, 1, 1, 1, 1) t=137 orbits=128  [1571s]
  Infeasible  (1, 1, 1, 1, 1, 1, 1, 1) t=141 orbits=128  [1624s]
  Infeasible  (1, 1, 1, 1, 1, 1, 1, 1) t=148 orbits=128  [1657s]
  Infeasible  (1, 1, 1, 1, 1, 1, 1, 1) t=153 orbits=128  [1691s]
  Infeasible  (1, 1, 1, 1, 1, 1, 1, 1) t=159 orbits=128  [1744s]
  Infeasible  (1, 1, 1, 1, 1, 1, 1, 1) t=167 orbits=128  [1784s]
  Infeasible  (1, 1, 1, 1, 1, 1, 1, 1) t=172 orbits=128  [1819s]
  Infeasible  (1, 1, 1, 1, 1, 1, 1, 1) t=176 orbits=128  [1837s]
  STILL OPEN [Time limit reached]  (1, 1, 1, 1, 1, 1, 1, 1) t=181 orbits=128  [1897s]
  STILL OPEN [Time limit reached]  (1, 1, 1, 1, 1, 1, 1, 1) t=186 orbits=128  [1957s]
  STILL OPEN [Time limit reached]  (1, 1, 1, 1, 1, 1, 1, 1) t=190 orbits=128  [2017s]
  Infeasible  (1, 1, 1, 1, 1, 1, 1, 1) t=197 orbits=128  [2056s]
  STILL OPEN [Time limit reached]  (1, 1, 1, 1, 1, 1, 1, 1) t=205 orbits=128  [2116s]
  Infeasible  (1, 1, 1, 1, 1, 1, 1, 1) t=209 orbits=128  [2151s]
  STILL OPEN [Time limit reached]  (1, 1, 1, 1, 1, 1, 1, 1) t=213 orbits=128  [2211s]
  Infeasible  (1, 1, 1, 1, 1, 1, 1, 1) t=218 orbits=128  [2235s]
  STILL OPEN [Time limit reached]  (1, 1, 1, 1, 1, 1, 1, 1) t=222 orbits=128  [2295s]
  Infeasible  (1, 1, 1, 1, 1, 1, 1, 1) t=226 orbits=128  [2318s]
  STILL OPEN [Time limit reached]  (1, 1, 1, 1, 1, 1, 1, 1) t=230 orbits=128  [2378s]
  STILL OPEN [Time limit reached]  (1, 1, 1, 1, 1, 1, 1, 1) t=234 orbits=128  [2438s]
  Infeasible  (1, 1, 1, 1, 1, 1, 1, 1) t=238 orbits=128  [2481s]
  Infeasible  (1, 1, 1, 1, 1, 1, 1, 1) t=243 orbits=128  [2525s]
  STILL OPEN [Time limit reached]  (1, 1, 1, 1, 1, 1, 1, 1) t=247 orbits=128  [2585s]
  STILL OPEN [Time limit reached]  (1, 1, 1, 1, 1, 1, 1, 1) t=251 orbits=128  [2645s]
  STILL OPEN [Time limit reached]  (1, 1, 1, 1, 1, 1, 1, 1) t=255 orbits=128  [2705s]
resolved: 32  still open: 25
NOT EXHAUSTIVE
BEST 1000000000 None total 2705s
56 unresolved instances to re-solve, 60s each, ub=63
  STILL OPEN [Time limit reached]  (2, 2, 2, 1, 1) t=192 orbits=128  [60s]
  Infeasible  (2, 2, 1, 1, 1, 1) t=144 orbits=128  [86s]
  STILL OPEN [Time limit reached]  (2, 2, 1, 1, 1, 1) t=224 orbits=128  [146s]
  STILL OPEN [Time limit reached]  (2, 1, 1, 1, 1, 1, 1) t=52 orbits=128  [206s]
  STILL OPEN [Time limit reached]  (2, 1, 1, 1, 1, 1, 1) t=84 orbits=128  [266s]
  Infeasible  (2, 1, 1, 1, 1, 1, 1) t=104 orbits=128  [323s]
  Infeasible  (2, 1, 1, 1, 1, 1, 1) t=120 orbits=128  [379s]
  Infeasible  (2, 1, 1, 1, 1, 1, 1) t=152 orbits=128  [407s]
  Infeasible  (2, 1, 1, 1, 1, 1, 1) t=172 orbits=128  [449s]
  STILL OPEN [Time limit reached]  (2, 1, 1, 1, 1, 1, 1) t=188 orbits=128  [509s]
  Infeasible  (2, 1, 1, 1, 1, 1, 1) t=208 orbits=128  [565s]
  Infeasible  (2, 1, 1, 1, 1, 1, 1) t=224 orbits=128  [616s]
  Infeasible  (2, 1, 1, 1, 1, 1, 1) t=240 orbits=128  [645s]
  Infeasible  (1, 1, 1, 1, 1, 1, 1, 1) t=14 orbits=128  [667s]
  Infeasible  (1, 1, 1, 1, 1, 1, 1, 1) t=25 orbits=128  [691s]
  Infeasible  (1, 1, 1, 1, 1, 1, 1, 1) t=29 orbits=128  [744s]
  Infeasible  (1, 1, 1, 1, 1, 1, 1, 1) t=41 orbits=128  [767s]
  Infeasible  (1, 1, 1, 1, 1, 1, 1, 1) t=45 orbits=128  [820s]
  Infeasible  (1, 1, 1, 1, 1, 1, 1, 1) t=52 orbits=128  [853s]
  Infeasible  (1, 1, 1, 1, 1, 1, 1, 1) t=57 orbits=128  [887s]
  Infeasible  (1, 1, 1, 1, 1, 1, 1, 1) t=63 orbits=128  [939s]
  Infeasible  (1, 1, 1, 1, 1, 1, 1, 1) t=74 orbits=128  [969s]
  Infeasible  (1, 1, 1, 1, 1, 1, 1, 1) t=78 orbits=128  [997s]
  Infeasible  (1, 1, 1, 1, 1, 1, 1, 1) t=85 orbits=128  [1010s]
  Infeasible  (1, 1, 1, 1, 1, 1, 1, 1) t=91 orbits=128  [1052s]
  Infeasible  (1, 1, 1, 1, 1, 1, 1, 1) t=98 orbits=128  [1078s]
  Infeasible  (1, 1, 1, 1, 1, 1, 1, 1) t=105 orbits=128  [1104s]
  STILL OPEN [Time limit reached]  (1, 1, 1, 1, 1, 1, 1, 1) t=109 orbits=128  [1164s]
  Infeasible  (1, 1, 1, 1, 1, 1, 1, 1) t=113 orbits=128  [1193s]
  Infeasible  (1, 1, 1, 1, 1, 1, 1, 1) t=118 orbits=128  [1208s]
  Infeasible  (1, 1, 1, 1, 1, 1, 1, 1) t=123 orbits=128  [1222s]
  STILL OPEN [Time limit reached]  (1, 1, 1, 1, 1, 1, 1, 1) t=127 orbits=128  [1282s]
  Infeasible  (1, 1, 1, 1, 1, 1, 1, 1) t=138 orbits=128  [1314s]
  Infeasible  (1, 1, 1, 1, 1, 1, 1, 1) t=142 orbits=128  [1345s]
  Infeasible  (1, 1, 1, 1, 1, 1, 1, 1) t=149 orbits=128  [1359s]
  Infeasible  (1, 1, 1, 1, 1, 1, 1, 1) t=155 orbits=128  [1401s]
  Infeasible  (1, 1, 1, 1, 1, 1, 1, 1) t=162 orbits=128  [1427s]
  Infeasible  (1, 1, 1, 1, 1, 1, 1, 1) t=169 orbits=128  [1453s]
  STILL OPEN [Time limit reached]  (1, 1, 1, 1, 1, 1, 1, 1) t=173 orbits=128  [1513s]
  Infeasible  (1, 1, 1, 1, 1, 1, 1, 1) t=177 orbits=128  [1541s]
  Infeasible  (1, 1, 1, 1, 1, 1, 1, 1) t=182 orbits=128  [1555s]
  Infeasible  (1, 1, 1, 1, 1, 1, 1, 1) t=187 orbits=128  [1570s]
  STILL OPEN [Time limit reached]  (1, 1, 1, 1, 1, 1, 1, 1) t=191 orbits=128  [1630s]
  Infeasible  (1, 1, 1, 1, 1, 1, 1, 1) t=200 orbits=128  [1688s]
  STILL OPEN [Time limit reached]  (1, 1, 1, 1, 1, 1, 1, 1) t=206 orbits=128  [1748s]
  Infeasible  (1, 1, 1, 1, 1, 1, 1, 1) t=210 orbits=128  [1768s]
  STILL OPEN [Time limit reached]  (1, 1, 1, 1, 1, 1, 1, 1) t=214 orbits=128  [1828s]
  Infeasible  (1, 1, 1, 1, 1, 1, 1, 1) t=219 orbits=128  [1878s]
  STILL OPEN [Time limit reached]  (1, 1, 1, 1, 1, 1, 1, 1) t=223 orbits=128  [1938s]
  Infeasible  (1, 1, 1, 1, 1, 1, 1, 1) t=227 orbits=128  [1962s]
  Infeasible  (1, 1, 1, 1, 1, 1, 1, 1) t=231 orbits=128  [2004s]
  STILL OPEN [Time limit reached]  (1, 1, 1, 1, 1, 1, 1, 1) t=235 orbits=128  [2064s]
  Infeasible  (1, 1, 1, 1, 1, 1, 1, 1) t=239 orbits=128  [2108s]
  STILL OPEN [Time limit reached]  (1, 1, 1, 1, 1, 1, 1, 1) t=244 orbits=128  [2168s]
  Infeasible  (1, 1, 1, 1, 1, 1, 1, 1) t=248 orbits=128  [2218s]
  Infeasible  (1, 1, 1, 1, 1, 1, 1, 1) t=252 orbits=128  [2251s]
resolved: 42  still open: 14
NOT EXHAUSTIVE
BEST 1000000000 None total 2251s
