56 unresolved instances to re-solve, 60s each, ub=63
  STILL OPEN [Time limit reached]  (2, 2, 2, 1, 1) t=192 orbits=128  [60s]
  Infeasible  (2, 2, 1, 1, 1, 1) t=144 orbits=128  [86s]
  STILL OPEN [Time limit reached]  (2, 2, 1, 1, 1, 1) t=224 orbits=128  [146s]
  STILL OPEN [Time limit reached]  (2, 1, 1, 1, 1, 1, 1) t=52 orbits=128  [206s]
  STILL OPEN [Time limit reached]  (2, 1, 1, 1, 1, 1, 1) t=84 orbits=128  [266s]
  Infeasible  (2, 1, 1, 1, 1, 1, 1) t=104 orbits=128  [323s]
  Infeasible  (2, 1, 1, 1, 1, 1, 1) t=120 orbits=128  [379s]
  Infeasible  (2, 1, 1, 1, 1, 1, 1) t=152 orbits=128  [407s]
  Infeasible  (2, 1, 1, 1, 1, 1, 1) t=172 orbits=128  [449s]
  STILL OPEN [Time limit reached]  (2, 1, 1, 1, 1, 1, 1) t=188 orbits=128  [509s]
  Infeasible  (2, 1, 1, 1, 1, 1, 1) t=208 orbits=128  [565s]
  Infeasible  (2, 1, 1, 1, 1, 1, 1) t=224 orbits=128  [616s]
  Infeasible  (2, 1, 1, 1, 1, 1, 1) t=240 orbits=128  [645s]
  Infeasible  (1, 1, 1, 1, 1, 1, 1, 1) t=14 orbits=128  [667s]
  Infeasible  (1, 1, 1, 1, 1, 1, 1, 1) t=25 orbits=128  [691s]
  Infeasible  (1, 1, 1, 1, 1, 1, 1, 1) t=29 orbits=128  [744s]
  Infeasible  (1, 1, 1, 1, 1, 1, 1, 1) t=41 orbits=128  [767s]
  Infeasible  (1, 1, 1, 1, 1, 1, 1, 1) t=45 orbits=128  [820s]
  Infeasible  (1, 1, 1, 1, 1, 1, 1, 1) t=52 orbits=128  [853s]
  Infeasible  (1, 1, 1, 1, 1, 1, 1, 1) t=57 orbits=128  [887s]
  Infeasible  (1, 1, 1, 1, 1, 1, 1, 1) t=63 orbits=128  [939s]
  Infeasible  (1, 1, 1, 1, 1, 1, 1, 1) t=74 orbits=128  [969s]
  Infeasible  (1, 1, 1, 1, 1, 1, 1, 1) t=78 orbits=128  [997s]
  Infeasible  (1, 1, 1, 1, 1, 1, 1, 1) t=85 orbits=128  [1010s]
  Infeasible  (1, 1, 1, 1, 1, 1, 1, 1) t=91 orbits=128  [1052s]
  Infeasible  (1, 1, 1, 1, 1, 1, 1, 1) t=98 orbits=128  [1078s]
  Infeasible  (1, 1, 1, 1, 1, 1, 1, 1) t=105 orbits=128  [1104s]
  STILL OPEN [Time limit reached]  (1, 1, 1, 1, 1, 1, 1, 1) t=109 orbits=128  [1164s]
  Infeasible  (1, 1, 1, 1, 1, 1, 1, 1) t=113 orbits=128  [1193s]
  Infeasible  (1, 1, 1, 1, 1, 1, 1, 1) t=118 orbits=128  [1208s]
  Infeasible  (1, 1, 1, 1, 1, 1, 1, 1) t=123 orbits=128  [1222s]
  STILL OPEN [Time limit reached]  (1, 1, 1, 1, 1, 1, 1, 1) t=127 orbits=128  [1282s]
  Infeasible  (1, 1, 1, 1, 1, 1, 1, 1) t=138 orbits=128  [1314s]
  Infeasible  (1, 1, 1, 1, 1, 1, 1, 1) t=142 orbits=128  [1345s]
  Infeasible  (1, 1, 1, 1, 1, 1, 1, 1) t=149 orbits=128  [1359s]
  Infeasible  (1, 1, 1, 1, 1, 1, 1, 1) t=155 orbits=128  [1401s]
  Infeasible  (1, 1, 1, 1, 1, 1, 1, 1) t=162 orbits=128  [1427s]
  Infeasible  (1, 1, 1, 1, 1, 1, 1, 1) t=169 orbits=128  [1453s]
  STILL OPEN [Time limit reached]  (1, 1, 1, 1, 1, 1, 1, 1) t=173 orbits=128  [1513s]
  Infeasible  (1, 1, 1, 1, 1, 1, 1, 1) t=177 orbits=128  [1541s]
  Infeasible  (1, 1, 1, 1, 1, 1, 1, 1) t=182 orbits=128  [1555s]
  Infeasible  (1, 1, 1, 1, 1, 1, 1, 1) t=187 orbits=128  [1570s]
  STILL OPEN [Time limit reached]  (1, 1, 1, 1, 1, 1, 1, 1) t=191 orbits=128  [1630s]
  Infeasible  (1, 1, 1, 1, 1, 1, 1, 1) t=200 orbits=128  [1688s]
  STILL OPEN [Time limit reached]  (1, 1, 1, 1, 1, 1, 1, 1) t=206 orbits=128  [1748s]
  Infeasible  (1, 1, 1, 1, 1, 1, 1, 1) t=210 orbits=128  [1768s]
  STILL OPEN [Time limit reached]  (1, 1, 1, 1, 1, 1, 1, 1) t=214 orbits=128  [1828s]
  Infeasible  (1, 1, 1, 1, 1, 1, 1, 1) t=219 orbits=128  [1878s]
  STILL OPEN [Time limit reached]  (1, 1, 1, 1, 1, 1, 1, 1) t=223 orbits=128  [1938s]
  Infeasible  (1, 1, 1, 1, 1, 1, 1, 1) t=227 orbits=128  [1962s]
  Infeasible  (1, 1, 1, 1, 1, 1, 1, 1) t=231 orbits=128  [2004s]
  STILL OPEN [Time limit reached]  (1, 1, 1, 1, 1, 1, 1, 1) t=235 orbits=128  [2064s]
  Infeasible  (1, 1, 1, 1, 1, 1, 1, 1) t=239 orbits=128  [2108s]
  STILL OPEN [Time limit reached]  (1, 1, 1, 1, 1, 1, 1, 1) t=244 orbits=128  [2168s]
  Infeasible  (1, 1, 1, 1, 1, 1, 1, 1) t=248 orbits=128  [2218s]
  Infeasible  (1, 1, 1, 1, 1, 1, 1, 1) t=252 orbits=128  [2251s]
resolved: 42  still open: 14
NOT EXHAUSTIVE
BEST 1000000000 None total 2251s
