22 cycle types
cycle type (8,): 2 translation classes  [0s]
  new best 64  cycle type (8,) t=1 orbits=16  [0s]
cycle type (7, 1): 4 translation classes  [0s]
cycle type (6, 2): 4 translation classes  [0s]
cycle type (6, 1, 1): 8 translation classes  [0s]
cycle type (5, 3): 4 translation classes  [1s]
cycle type (5, 2, 1): 8 translation classes  [1s]
cycle type (5, 1, 1, 1): 16 translation classes  [1s]
cycle type (4, 4): 4 translation classes  [2s]
cycle type (4, 3, 1): 8 translation classes  [2s]
cycle type (4, 2, 2): 8 translation classes  [2s]
cycle type (4, 2, 1, 1): 16 translation classes  [4s]
cycle type (4, 1, 1, 1, 1): 32 translation classes  [6s]
cycle type (3, 3, 2): 8 translation classes  [14s]
cycle type (3, 3, 1, 1): 16 translation classes  [26s]
cycle type (3, 2, 2, 1): 16 translation classes  [63s]
cycle type (3, 2, 1, 1, 1): 32 translation classes  [82s]
cycle type (3, 1, 1, 1, 1, 1): 64 translation classes  [159s]
cycle type (2, 2, 2, 2): 16 translation classes  [343s]
cycle type (2, 2, 2, 1, 1): 32 translation classes  [392s]
cycle type (2, 2, 1, 1, 1, 1): 64 translation classes  [530s]
cycle type (2, 1, 1, 1, 1, 1, 1): 128 translation classes  [926s]
