57 unresolved instances to re-solve, 60s each, ub=63
  Infeasible  (2, 2, 2, 1, 1) t=64 orbits=128  [59s]
  Infeasible  (2, 2, 1, 1, 1, 1) t=80 orbits=128  [85s]
  Infeasible  (2, 2, 1, 1, 1, 1) t=192 orbits=128  [110s]
  STILL OPEN [Time limit reached]  (2, 1, 1, 1, 1, 1, 1) t=28 orbits=128  [170s]
  STILL OPEN [Time limit reached]  (2, 1, 1, 1, 1, 1, 1) t=60 orbits=128  [230s]
  STILL OPEN [Time limit reached]  (2, 1, 1, 1, 1, 1, 1) t=92 orbits=128  [290s]
  Infeasible  (2, 1, 1, 1, 1, 1, 1) t=112 orbits=128  [338s]
  STILL OPEN [Time limit reached]  (2, 1, 1, 1, 1, 1, 1) t=140 orbits=128  [398s]
  STILL OPEN [Time limit reached]  (2, 1, 1, 1, 1, 1, 1) t=164 orbits=128  [458s]
  Infeasible  (2, 1, 1, 1, 1, 1, 1) t=180 orbits=128  [488s]
  Infeasible  (2, 1, 1, 1, 1, 1, 1) t=200 orbits=128  [509s]
  Infeasible  (2, 1, 1, 1, 1, 1, 1) t=216 orbits=128  [555s]
  Infeasible  (2, 1, 1, 1, 1, 1, 1) t=232 orbits=128  [613s]
  Infeasible  (2, 1, 1, 1, 1, 1, 1) t=248 orbits=128  [634s]
  Infeasible  (1, 1, 1, 1, 1, 1, 1, 1) t=22 orbits=128  [657s]
  Infeasible  (1, 1, 1, 1, 1, 1, 1, 1) t=27 orbits=128  [694s]
  Infeasible  (1, 1, 1, 1, 1, 1, 1, 1) t=38 orbits=128  [717s]
  Infeasible  (1, 1, 1, 1, 1, 1, 1, 1) t=43 orbits=128  [754s]
  STILL OPEN [Time limit reached]  (1, 1, 1, 1, 1, 1, 1, 1) t=50 orbits=128  [813s]
  Infeasible  (1, 1, 1, 1, 1, 1, 1, 1) t=54 orbits=128  [839s]
  STILL OPEN [Time limit reached]  (1, 1, 1, 1, 1, 1, 1, 1) t=61 orbits=128  [899s]
  STILL OPEN [Time limit reached]  (1, 1, 1, 1, 1, 1, 1, 1) t=71 orbits=128  [959s]
  Infeasible  (1, 1, 1, 1, 1, 1, 1, 1) t=76 orbits=128  [993s]
  Infeasible  (1, 1, 1, 1, 1, 1, 1, 1) t=83 orbits=128  [1030s]
  Infeasible  (1, 1, 1, 1, 1, 1, 1, 1) t=87 orbits=128  [1065s]
  Infeasible  (1, 1, 1, 1, 1, 1, 1, 1) t=94 orbits=128  [1088s]
  Infeasible  (1, 1, 1, 1, 1, 1, 1, 1) t=101 orbits=128  [1101s]
  Infeasible  (1, 1, 1, 1, 1, 1, 1, 1) t=107 orbits=128  [1143s]
  Infeasible  (1, 1, 1, 1, 1, 1, 1, 1) t=111 orbits=128  [1170s]
  Infeasible  (1, 1, 1, 1, 1, 1, 1, 1) t=116 orbits=128  [1194s]
  Infeasible  (1, 1, 1, 1, 1, 1, 1, 1) t=121 orbits=128  [1227s]
  Infeasible  (1, 1, 1, 1, 1, 1, 1, 1) t=125 orbits=128  [1266s]
  STILL OPEN [Time limit reached]  (1, 1, 1, 1, 1, 1, 1, 1) t=135 orbits=128  [1326s]
  Infeasible  (1, 1, 1, 1, 1, 1, 1, 1) t=140 orbits=128  [1362s]
  Infeasible  (1, 1, 1, 1, 1, 1, 1, 1) t=147 orbits=128  [1399s]
  Infeasible  (1, 1, 1, 1, 1, 1, 1, 1) t=151 orbits=128  [1434s]
  Infeasible  (1, 1, 1, 1, 1, 1, 1, 1) t=158 orbits=128  [1457s]
  Infeasible  (1, 1, 1, 1, 1, 1, 1, 1) t=165 orbits=128  [1471s]
  Infeasible  (1, 1, 1, 1, 1, 1, 1, 1) t=171 orbits=128  [1512s]
  Infeasible  (1, 1, 1, 1, 1, 1, 1, 1) t=175 orbits=128  [1540s]
  Infeasible  (1, 1, 1, 1, 1, 1, 1, 1) t=180 orbits=128  [1562s]
  Infeasible  (1, 1, 1, 1, 1, 1, 1, 1) t=185 orbits=128  [1595s]
  Infeasible  (1, 1, 1, 1, 1, 1, 1, 1) t=189 orbits=128  [1633s]
  Infeasible  (1, 1, 1, 1, 1, 1, 1, 1) t=196 orbits=128  [1662s]
  Infeasible  (1, 1, 1, 1, 1, 1, 1, 1) t=204 orbits=128  [1692s]
  Infeasible  (1, 1, 1, 1, 1, 1, 1, 1) t=208 orbits=128  [1718s]
  Infeasible  (1, 1, 1, 1, 1, 1, 1, 1) t=212 orbits=128  [1737s]
  STILL OPEN [Time limit reached]  (1, 1, 1, 1, 1, 1, 1, 1) t=217 orbits=128  [1797s]
  Infeasible  (1, 1, 1, 1, 1, 1, 1, 1) t=221 orbits=128  [1851s]
  Infeasible  (1, 1, 1, 1, 1, 1, 1, 1) t=225 orbits=128  [1885s]
  STILL OPEN [Time limit reached]  (1, 1, 1, 1, 1, 1, 1, 1) t=229 orbits=128  [1945s]
  STILL OPEN [Time limit reached]  (1, 1, 1, 1, 1, 1, 1, 1) t=233 orbits=128  [2005s]
  Infeasible  (1, 1, 1, 1, 1, 1, 1, 1) t=237 orbits=128  [2048s]
  Infeasible  (1, 1, 1, 1, 1, 1, 1, 1) t=242 orbits=128  [2083s]
  Infeasible  (1, 1, 1, 1, 1, 1, 1, 1) t=246 orbits=128  [2133s]
  Infeasible  (1, 1, 1, 1, 1, 1, 1, 1) t=250 orbits=128  [2183s]
  STILL OPEN [Time limit reached]  (1, 1, 1, 1, 1, 1, 1, 1) t=254 orbits=128  [2243s]
resolved: 44  still open: 13
NOT EXHAUSTIVE
BEST 1000000000 None total 2243s
