57 unresolved instances to re-solve, 60s each, ub=63
  Infeasible  (2, 2, 2, 1, 1) t=128 orbits=128  [59s]
  STILL OPEN [Time limit reached]  (2, 2, 1, 1, 1, 1) t=112 orbits=128  [119s]
  STILL OPEN [Time limit reached]  (2, 2, 1, 1, 1, 1) t=208 orbits=128  [179s]
  STILL OPEN [Time limit reached]  (2, 1, 1, 1, 1, 1, 1) t=44 orbits=128  [239s]
  STILL OPEN [Time limit reached]  (2, 1, 1, 1, 1, 1, 1) t=76 orbits=128  [299s]
  STILL OPEN [Time limit reached]  (2, 1, 1, 1, 1, 1, 1) t=100 orbits=128  [359s]
  Infeasible  (2, 1, 1, 1, 1, 1, 1) t=116 orbits=128  [392s]
  STILL OPEN [Time limit reached]  (2, 1, 1, 1, 1, 1, 1) t=148 orbits=128  [452s]
  Infeasible  (2, 1, 1, 1, 1, 1, 1) t=168 orbits=128  [507s]
  Infeasible  (2, 1, 1, 1, 1, 1, 1) t=184 orbits=128  [561s]
  STILL OPEN [Time limit reached]  (2, 1, 1, 1, 1, 1, 1) t=204 orbits=128  [621s]
  STILL OPEN [Time limit reached]  (2, 1, 1, 1, 1, 1, 1) t=220 orbits=128  [681s]
  Infeasible  (2, 1, 1, 1, 1, 1, 1) t=236 orbits=128  [725s]
  STILL OPEN [Time limit reached]  (2, 1, 1, 1, 1, 1, 1) t=252 orbits=128  [785s]
  STILL OPEN [Time limit reached]  (1, 1, 1, 1, 1, 1, 1, 1) t=23 orbits=128  [845s]
  Infeasible  (1, 1, 1, 1, 1, 1, 1, 1) t=28 orbits=128  [879s]
  STILL OPEN [Time limit reached]  (1, 1, 1, 1, 1, 1, 1, 1) t=39 orbits=128  [939s]
  Infeasible  (1, 1, 1, 1, 1, 1, 1, 1) t=44 orbits=128  [974s]
  Infeasible  (1, 1, 1, 1, 1, 1, 1, 1) t=51 orbits=128  [1010s]
  Infeasible  (1, 1, 1, 1, 1, 1, 1, 1) t=55 orbits=128  [1046s]
  Infeasible  (1, 1, 1, 1, 1, 1, 1, 1) t=62 orbits=128  [1069s]
  Infeasible  (1, 1, 1, 1, 1, 1, 1, 1) t=73 orbits=128  [1091s]
  Infeasible  (1, 1, 1, 1, 1, 1, 1, 1) t=77 orbits=128  [1145s]
  Infeasible  (1, 1, 1, 1, 1, 1, 1, 1) t=84 orbits=128  [1178s]
  Infeasible  (1, 1, 1, 1, 1, 1, 1, 1) t=89 orbits=128  [1214s]
  Infeasible  (1, 1, 1, 1, 1, 1, 1, 1) t=95 orbits=128  [1267s]
  Infeasible  (1, 1, 1, 1, 1, 1, 1, 1) t=103 orbits=128  [1311s]
  Infeasible  (1, 1, 1, 1, 1, 1, 1, 1) t=108 orbits=128  [1351s]
  Infeasible  (1, 1, 1, 1, 1, 1, 1, 1) t=112 orbits=128  [1369s]
  STILL OPEN [Time limit reached]  (1, 1, 1, 1, 1, 1, 1, 1) t=117 orbits=128  [1429s]
  STILL OPEN [Time limit reached]  (1, 1, 1, 1, 1, 1, 1, 1) t=122 orbits=128  [1489s]
  STILL OPEN [Time limit reached]  (1, 1, 1, 1, 1, 1, 1, 1) t=126 orbits=128  [1549s]
  Infeasible  (1, 1, 1, 1, 1, 1, 1, 1) t=137 orbits=128  [1571s]
  Infeasible  (1, 1, 1, 1, 1, 1, 1, 1) t=141 orbits=128  [1624s]
  Infeasible  (1, 1, 1, 1, 1, 1, 1, 1) t=148 orbits=128  [1657s]
  Infeasible  (1, 1, 1, 1, 1, 1, 1, 1) t=153 orbits=128  [1691s]
  Infeasible  (1, 1, 1, 1, 1, 1, 1, 1) t=159 orbits=128  [1744s]
  Infeasible  (1, 1, 1, 1, 1, 1, 1, 1) t=167 orbits=128  [1784s]
  Infeasible  (1, 1, 1, 1, 1, 1, 1, 1) t=172 orbits=128  [1819s]
  Infeasible  (1, 1, 1, 1, 1, 1, 1, 1) t=176 orbits=128  [1837s]
  STILL OPEN [Time limit reached]  (1, 1, 1, 1, 1, 1, 1, 1) t=181 orbits=128  [1897s]
  STILL OPEN [Time limit reached]  (1, 1, 1, 1, 1, 1, 1, 1) t=186 orbits=128  [1957s]
  STILL OPEN [Time limit reached]  (1, 1, 1, 1, 1, 1, 1, 1) t=190 orbits=128  [2017s]
  Infeasible  (1, 1, 1, 1, 1, 1, 1, 1) t=197 orbits=128  [2056s]
  STILL OPEN [Time limit reached]  (1, 1, 1, 1, 1, 1, 1, 1) t=205 orbits=128  [2116s]
  Infeasible  (1, 1, 1, 1, 1, 1, 1, 1) t=209 orbits=128  [2151s]
  STILL OPEN [Time limit reached]  (1, 1, 1, 1, 1, 1, 1, 1) t=213 orbits=128  [2211s]
  Infeasible  (1, 1, 1, 1, 1, 1, 1, 1) t=218 orbits=128  [2235s]
  STILL OPEN [Time limit reached]  (1, 1, 1, 1, 1, 1, 1, 1) t=222 orbits=128  [2295s]
  Infeasible  (1, 1, 1, 1, 1, 1, 1, 1) t=226 orbits=128  [2318s]
  STILL OPEN [Time limit reached]  (1, 1, 1, 1, 1, 1, 1, 1) t=230 orbits=128  [2378s]
  STILL OPEN [Time limit reached]  (1, 1, 1, 1, 1, 1, 1, 1) t=234 orbits=128  [2438s]
  Infeasible  (1, 1, 1, 1, 1, 1, 1, 1) t=238 orbits=128  [2481s]
  Infeasible  (1, 1, 1, 1, 1, 1, 1, 1) t=243 orbits=128  [2525s]
  STILL OPEN [Time limit reached]  (1, 1, 1, 1, 1, 1, 1, 1) t=247 orbits=128  [2585s]
  STILL OPEN [Time limit reached]  (1, 1, 1, 1, 1, 1, 1, 1) t=251 orbits=128  [2645s]
  STILL OPEN [Time limit reached]  (1, 1, 1, 1, 1, 1, 1, 1) t=255 orbits=128  [2705s]
resolved: 32  still open: 25
NOT EXHAUSTIVE
BEST 1000000000 None total 2705s
