57 unresolved instances to re-solve, 60s each, ub=63
  Infeasible  (2, 2, 2, 2) t=0 orbits=136  [37s]
  Infeasible  (2, 2, 1, 1, 1, 1) t=48 orbits=128  [62s]
  STILL OPEN [Time limit reached]  (2, 2, 1, 1, 1, 1) t=176 orbits=128  [122s]
  STILL OPEN [Time limit reached]  (2, 2, 1, 1, 1, 1) t=240 orbits=128  [182s]
  Infeasible  (2, 1, 1, 1, 1, 1, 1) t=56 orbits=128  [212s]
  Infeasible  (2, 1, 1, 1, 1, 1, 1) t=88 orbits=128  [241s]
  Infeasible  (2, 1, 1, 1, 1, 1, 1) t=108 orbits=128  [282s]
  STILL OPEN [Time limit reached]  (2, 1, 1, 1, 1, 1, 1) t=124 orbits=128  [342s]
  STILL OPEN [Time limit reached]  (2, 1, 1, 1, 1, 1, 1) t=156 orbits=128  [402s]
  Infeasible  (2, 1, 1, 1, 1, 1, 1) t=176 orbits=128  [450s]
  STILL OPEN [Time limit reached]  (2, 1, 1, 1, 1, 1, 1) t=196 orbits=128  [510s]
  STILL OPEN [Time limit reached]  (2, 1, 1, 1, 1, 1, 1) t=212 orbits=128  [570s]
  Infeasible  (2, 1, 1, 1, 1, 1, 1) t=228 orbits=128  [620s]
  STILL OPEN [Time limit reached]  (2, 1, 1, 1, 1, 1, 1) t=244 orbits=128  [680s]
  STILL OPEN [Time limit reached]  (1, 1, 1, 1, 1, 1, 1, 1) t=15 orbits=128  [740s]
  Infeasible  (1, 1, 1, 1, 1, 1, 1, 1) t=26 orbits=128  [769s]
  Infeasible  (1, 1, 1, 1, 1, 1, 1, 1) t=30 orbits=128  [797s]
  Infeasible  (1, 1, 1, 1, 1, 1, 1, 1) t=42 orbits=128  [826s]
  Infeasible  (1, 1, 1, 1, 1, 1, 1, 1) t=46 orbits=128  [854s]
  Infeasible  (1, 1, 1, 1, 1, 1, 1, 1) t=53 orbits=128  [867s]
  Infeasible  (1, 1, 1, 1, 1, 1, 1, 1) t=59 orbits=128  [909s]
  Infeasible  (1, 1, 1, 1, 1, 1, 1, 1) t=70 orbits=128  [933s]
  Infeasible  (1, 1, 1, 1, 1, 1, 1, 1) t=75 orbits=128  [970s]
  STILL OPEN [Time limit reached]  (1, 1, 1, 1, 1, 1, 1, 1) t=82 orbits=128  [1030s]
  Infeasible  (1, 1, 1, 1, 1, 1, 1, 1) t=86 orbits=128  [1056s]
  STILL OPEN [Time limit reached]  (1, 1, 1, 1, 1, 1, 1, 1) t=93 orbits=128  [1116s]
  Infeasible  (1, 1, 1, 1, 1, 1, 1, 1) t=99 orbits=128  [1142s]
  Infeasible  (1, 1, 1, 1, 1, 1, 1, 1) t=106 orbits=128  [1162s]
  Infeasible  (1, 1, 1, 1, 1, 1, 1, 1) t=110 orbits=128  [1185s]
  Infeasible  (1, 1, 1, 1, 1, 1, 1, 1) t=115 orbits=128  [1220s]
  Infeasible  (1, 1, 1, 1, 1, 1, 1, 1) t=119 orbits=128  [1264s]
  STILL OPEN [Time limit reached]  (1, 1, 1, 1, 1, 1, 1, 1) t=124 orbits=128  [1324s]
  Infeasible  (1, 1, 1, 1, 1, 1, 1, 1) t=134 orbits=128  [1349s]
  Infeasible  (1, 1, 1, 1, 1, 1, 1, 1) t=139 orbits=128  [1386s]
  STILL OPEN [Time limit reached]  (1, 1, 1, 1, 1, 1, 1, 1) t=146 orbits=128  [1446s]
  Infeasible  (1, 1, 1, 1, 1, 1, 1, 1) t=150 orbits=128  [1471s]
  STILL OPEN [Time limit reached]  (1, 1, 1, 1, 1, 1, 1, 1) t=157 orbits=128  [1531s]
  Infeasible  (1, 1, 1, 1, 1, 1, 1, 1) t=163 orbits=128  [1556s]
  Infeasible  (1, 1, 1, 1, 1, 1, 1, 1) t=170 orbits=128  [1577s]
  Infeasible  (1, 1, 1, 1, 1, 1, 1, 1) t=174 orbits=128  [1599s]
  Infeasible  (1, 1, 1, 1, 1, 1, 1, 1) t=179 orbits=128  [1634s]
  Infeasible  (1, 1, 1, 1, 1, 1, 1, 1) t=183 orbits=128  [1676s]
  STILL OPEN [Time limit reached]  (1, 1, 1, 1, 1, 1, 1, 1) t=188 orbits=128  [1736s]
  Infeasible  (1, 1, 1, 1, 1, 1, 1, 1) t=194 orbits=128  [1763s]
  Infeasible  (1, 1, 1, 1, 1, 1, 1, 1) t=201 orbits=128  [1806s]
  STILL OPEN [Time limit reached]  (1, 1, 1, 1, 1, 1, 1, 1) t=207 orbits=128  [1866s]
  Infeasible  (1, 1, 1, 1, 1, 1, 1, 1) t=211 orbits=128  [1899s]
  Infeasible  (1, 1, 1, 1, 1, 1, 1, 1) t=215 orbits=128  [1941s]
  STILL OPEN [Time limit reached]  (1, 1, 1, 1, 1, 1, 1, 1) t=220 orbits=128  [2001s]
  Infeasible  (1, 1, 1, 1, 1, 1, 1, 1) t=224 orbits=128  [2038s]
  Infeasible  (1, 1, 1, 1, 1, 1, 1, 1) t=228 orbits=128  [2071s]
  Infeasible  (1, 1, 1, 1, 1, 1, 1, 1) t=232 orbits=128  [2108s]
  Infeasible  (1, 1, 1, 1, 1, 1, 1, 1) t=236 orbits=128  [2164s]
  Infeasible  (1, 1, 1, 1, 1, 1, 1, 1) t=241 orbits=128  [2187s]
  STILL OPEN [Time limit reached]  (1, 1, 1, 1, 1, 1, 1, 1) t=245 orbits=128  [2247s]
  Infeasible  (1, 1, 1, 1, 1, 1, 1, 1) t=249 orbits=128  [2306s]
  STILL OPEN [Time limit reached]  (1, 1, 1, 1, 1, 1, 1, 1) t=253 orbits=128  [2366s]
resolved: 39  still open: 18
NOT EXHAUSTIVE
BEST 1000000000 None total 2366s
